// Jest Snapshot v1, https://goo.gl/fbAQLP

exports[`<App /> should render <App /> 1`] = `
<div
  className="wrapper"
>
  <Header
    clickHandler={[Function]}
    defaultStatus={false}
  >
    <Search
      clickHandler={[Function]}
      id="main-search"
    />
  </Header>
  <div
    className="panel flex  panel--empty"
  />
  <main
    className="main"
  >
    <NotFound
      text="No films found"
    />
  </main>
  <Footer>
    <Logo
      text="netflixroulett"
    />
  </Footer>
</div>
`;
