// Jest Snapshot v1, https://goo.gl/fbAQLP

exports[`<Footer /> should render <Footer /> 1`] = `
<div
  className="main-footer"
>
  <Logo
    text="netflixroulett"
  />
</div>
`;
