// Jest Snapshot v1, https://goo.gl/fbAQLP

exports[`<Hello /> should be render a default Hello 1`] = `
<h3>
  Hello, 
  test
</h3>
`;
